// Jest Snapshot v1, https://goo.gl/fbAQLP

exports[`App.vue should match snapshot 1`] = `
<v-app-stub
  id="app"
>
  <app-bar-stub />
   
  <v-content-stub
    tag="main"
    transition="slide-x-transition"
  >
    <router-view-stub
      name="default"
    />
  </v-content-stub>
</v-app-stub>
`;
