// Jest Snapshot v1, https://goo.gl/fbAQLP

exports[`Button.vue should match snapshot 1`] = `
<v-btn-stub
  activeclass="v-btn--active"
  class="white--text"
  color="#2979FF"
  large="true"
  tag="button"
  type="button"
/>
`;
